[debug] [2026-08-07T10:45:30.163Z] [Firebase Plugin] Activating Firebase extension.
[debug] [2026-08-07T10:45:31.179Z] [Firebase Plugin] requireAuthWrapper
[debug] [2026-08-07T10:45:31.180Z] > command requires scopes: ["email","openid","https://www.googleapis.com/auth/cloudplatformprojects.readonly","https://www.googleapis.com/auth/firebase","https://www.googleapis.com/auth/cloud-platform"]
[debug] [2026-08-07T10:45:31.180Z] > authorizing via signed-in user (lawrencenguyenbrian@gmail.com)
[debug] [2026-08-07T10:45:31.182Z] Checked if tokens are valid: false, expires at: 1785554517868
[debug] [2026-08-07T10:45:31.183Z] Checked if tokens are valid: false, expires at: 1785554517868
[debug] [2026-08-07T10:45:31.183Z] > refreshing access token with scopes: []
[debug] [2026-08-07T10:45:31.185Z] >>> [apiv2][query] POST https://www.googleapis.com/oauth2/v3/token [none]
[debug] [2026-08-07T10:45:31.185Z] >>> [apiv2][body] POST https://www.googleapis.com/oauth2/v3/token [omitted]
[info] [Firebase Plugin] Starting SQL Connect toolkit (version 3.4.16) on port 50001
[debug] [2026-08-07T10:45:31.906Z] 'fdc build' failed with error: Unable to build your SQL Connect schema and connectors (exit code 1): E0807 05:45:31.905235    4356 cmd.go:43] Error loading data connect config: could not find dataconnect.yaml in `/Users/macos/Documents/Web MindX/TC/dataconnect`
 {"metadata":{"emulator":{"name":"dataconnect"},"message":"'fdc build' failed with error: Unable to build your SQL Connect schema and connectors (exit code 1): E0807 05:45:31.905235    4356 cmd.go:43] Error loading data connect config: could not find dataconnect.yaml in `/Users/macos/Documents/Web MindX/TC/dataconnect`\n"}}
[debug] [2026-08-07T10:45:31.907Z] Ignoring unsupported arg: auto_download {"metadata":{"emulator":{"name":"dataconnect"},"message":"Ignoring unsupported arg: auto_download"}}
[debug] [2026-08-07T10:45:31.907Z] Ignoring unsupported arg: port {"metadata":{"emulator":{"name":"dataconnect"},"message":"Ignoring unsupported arg: port"}}
[debug] [2026-08-07T10:45:31.907Z] Starting SQL Connect Emulator with command {"binary":"/Users/macos/.cache/firebase/emulators/dataconnect-emulator-3.4.16","args":["--logtostderr","-v=2","dev","--listen=localhost:50001","--config_dir=/Users/macos/Documents/Web MindX/TC/dataconnect","--enable_output_schema_extensions=true","--enable_output_generated_sdk=true"],"optionalArgs":["listen","config_dir","enable_output_schema_extensions","enable_output_generated_sdk"],"joinArgs":true,"shell":false,"port":9399} {"metadata":{"emulator":{"name":"dataconnect"},"message":"Starting SQL Connect Emulator with command {\"binary\":\"/Users/macos/.cache/firebase/emulators/dataconnect-emulator-3.4.16\",\"args\":[\"--logtostderr\",\"-v=2\",\"dev\",\"--listen=localhost:50001\",\"--config_dir=/Users/macos/Documents/Web MindX/TC/dataconnect\",\"--enable_output_schema_extensions=true\",\"--enable_output_generated_sdk=true\"],\"optionalArgs\":[\"listen\",\"config_dir\",\"enable_output_schema_extensions\",\"enable_output_generated_sdk\"],\"joinArgs\":true,\"shell\":false,\"port\":9399}"}}
[info] i  dataconnect: SQL Connect Emulator logging to dataconnect-debug.log {"metadata":{"emulator":{"name":"dataconnect"},"message":"SQL Connect Emulator logging to dataconnect-debug.log"}}
[debug] [2026-08-07T10:45:31.960Z] E0807 05:45:31.953315    4360 dev.go:80] Failed to load initial config from "/Users/macos/Documents/Web MindX/TC/dataconnect": could not find dataconnect.yaml in `/Users/macos/Documents/Web MindX/TC/dataconnect`
 {"metadata":{"emulator":{"name":"dataconnect"},"message":"E0807 05:45:31.953315    4360 dev.go:80] Failed to load initial config from \"/Users/macos/Documents/Web MindX/TC/dataconnect\": could not find dataconnect.yaml in `/Users/macos/Documents/Web MindX/TC/dataconnect`\n"}}
[debug] [2026-08-07T10:45:31.961Z] E0807 05:45:31.960535    4360 watch.go:116] watchAllDir unable to walk dir `/Users/macos/Documents/Web MindX/TC/dataconnect`: lstat /Users/macos/Documents/Web MindX/TC/dataconnect: no such file or directory
 {"metadata":{"emulator":{"name":"dataconnect"},"message":"E0807 05:45:31.960535    4360 watch.go:116] watchAllDir unable to walk dir `/Users/macos/Documents/Web MindX/TC/dataconnect`: lstat /Users/macos/Documents/Web MindX/TC/dataconnect: no such file or directory\n"}}
[debug] [2026-08-07T10:45:31.963Z] I0807 05:45:31.963170    4360 dev.go:101] Listening on address (HTTP + gRPC): 127.0.0.1:50001
 {"metadata":{"emulator":{"name":"dataconnect"},"message":"I0807 05:45:31.963170    4360 dev.go:101] Listening on address (HTTP + gRPC): 127.0.0.1:50001\n"}}
[debug] [2026-08-07T10:45:32.080Z] <<< [apiv2][status] POST https://www.googleapis.com/oauth2/v3/token 200
[debug] [2026-08-07T10:45:32.080Z] <<< [apiv2][body] POST https://www.googleapis.com/oauth2/v3/token [omitted]
[debug] [2026-08-07T10:45:32.095Z] [Firebase Plugin] User found:  lawrencenguyenbrian@gmail.com
[info] [Firebase Plugin] (Core:Project) New user detected, fetching projects
[debug] [2026-08-07T10:45:32.095Z] Checked if tokens are valid: true, expires at: 1786103131080
[debug] [2026-08-07T10:45:32.095Z] >>> [apiv2][query] GET https://firebase.googleapis.com/v1beta1/projects pageSize=1000
[error] [Firebase Plugin] error:  {}
[debug] [2026-08-07T10:45:32.592Z] <<< [apiv2][status] GET https://firebase.googleapis.com/v1beta1/projects 200
[debug] [2026-08-07T10:45:32.593Z] <<< [apiv2][body] GET https://firebase.googleapis.com/v1beta1/projects [omitted]
[debug] [2026-08-07T10:45:41.962Z] E0807 05:45:41.961767    4360 watch.go:40] Failed to load config from "/Users/macos/Documents/Web MindX/TC/dataconnect": could not find dataconnect.yaml in `/Users/macos/Documents/Web MindX/TC/dataconnect`
 {"metadata":{"emulator":{"name":"dataconnect"},"message":"E0807 05:45:41.961767    4360 watch.go:40] Failed to load config from \"/Users/macos/Documents/Web MindX/TC/dataconnect\": could not find dataconnect.yaml in `/Users/macos/Documents/Web MindX/TC/dataconnect`\n"}}
[debug] [2026-08-07T10:45:51.961Z] E0807 05:45:51.961268    4360 watch.go:40] Failed to load config from "/Users/macos/Documents/Web MindX/TC/dataconnect": could not find dataconnect.yaml in `/Users/macos/Documents/Web MindX/TC/dataconnect`
 {"metadata":{"emulator":{"name":"dataconnect"},"message":"E0807 05:45:51.961268    4360 watch.go:40] Failed to load config from \"/Users/macos/Documents/Web MindX/TC/dataconnect\": could not find dataconnect.yaml in `/Users/macos/Documents/Web MindX/TC/dataconnect`\n"}}
[debug] [2026-08-07T10:46:01.961Z] E0807 05:46:01.961137    4360 watch.go:40] Failed to load config from "/Users/macos/Documents/Web MindX/TC/dataconnect": could not find dataconnect.yaml in `/Users/macos/Documents/Web MindX/TC/dataconnect`
 {"metadata":{"emulator":{"name":"dataconnect"},"message":"E0807 05:46:01.961137    4360 watch.go:40] Failed to load config from \"/Users/macos/Documents/Web MindX/TC/dataconnect\": could not find dataconnect.yaml in `/Users/macos/Documents/Web MindX/TC/dataconnect`\n"}}
[debug] [2026-08-07T10:46:11.960Z] E0807 05:46:11.960418    4360 watch.go:40] Failed to load config from "/Users/macos/Documents/Web MindX/TC/dataconnect": could not find dataconnect.yaml in `/Users/macos/Documents/Web MindX/TC/dataconnect`
 {"metadata":{"emulator":{"name":"dataconnect"},"message":"E0807 05:46:11.960418    4360 watch.go:40] Failed to load config from \"/Users/macos/Documents/Web MindX/TC/dataconnect\": could not find dataconnect.yaml in `/Users/macos/Documents/Web MindX/TC/dataconnect`\n"}}
[debug] [2026-08-07T10:46:21.961Z] E0807 05:46:21.961263    4360 watch.go:40] Failed to load config from "/Users/macos/Documents/Web MindX/TC/dataconnect": could not find dataconnect.yaml in `/Users/macos/Documents/Web MindX/TC/dataconnect`
 {"metadata":{"emulator":{"name":"dataconnect"},"message":"E0807 05:46:21.961263    4360 watch.go:40] Failed to load config from \"/Users/macos/Documents/Web MindX/TC/dataconnect\": could not find dataconnect.yaml in `/Users/macos/Documents/Web MindX/TC/dataconnect`\n"}}
[debug] [2026-08-07T10:46:31.962Z] E0807 05:46:31.961509    4360 watch.go:40] Failed to load config from "/Users/macos/Documents/Web MindX/TC/dataconnect": could not find dataconnect.yaml in `/Users/macos/Documents/Web MindX/TC/dataconnect`
 {"metadata":{"emulator":{"name":"dataconnect"},"message":"E0807 05:46:31.961509    4360 watch.go:40] Failed to load config from \"/Users/macos/Documents/Web MindX/TC/dataconnect\": could not find dataconnect.yaml in `/Users/macos/Documents/Web MindX/TC/dataconnect`\n"}}
[debug] [2026-08-07T10:46:31.964Z] E0807 05:46:31.961442    4360 watch.go:116] watchAllDir unable to walk dir `/Users/macos/Documents/Web MindX/TC/dataconnect`: lstat /Users/macos/Documents/Web MindX/TC/dataconnect: no such file or directory
 {"metadata":{"emulator":{"name":"dataconnect"},"message":"E0807 05:46:31.961442    4360 watch.go:116] watchAllDir unable to walk dir `/Users/macos/Documents/Web MindX/TC/dataconnect`: lstat /Users/macos/Documents/Web MindX/TC/dataconnect: no such file or directory\n"}}
[debug] [2026-08-07T10:46:41.961Z] E0807 05:46:41.961074    4360 watch.go:40] Failed to load config from "/Users/macos/Documents/Web MindX/TC/dataconnect": could not find dataconnect.yaml in `/Users/macos/Documents/Web MindX/TC/dataconnect`
 {"metadata":{"emulator":{"name":"dataconnect"},"message":"E0807 05:46:41.961074    4360 watch.go:40] Failed to load config from \"/Users/macos/Documents/Web MindX/TC/dataconnect\": could not find dataconnect.yaml in `/Users/macos/Documents/Web MindX/TC/dataconnect`\n"}}
[debug] [2026-08-07T10:46:51.959Z] E0807 05:46:51.959151    4360 watch.go:40] Failed to load config from "/Users/macos/Documents/Web MindX/TC/dataconnect": could not find dataconnect.yaml in `/Users/macos/Documents/Web MindX/TC/dataconnect`
 {"metadata":{"emulator":{"name":"dataconnect"},"message":"E0807 05:46:51.959151    4360 watch.go:40] Failed to load config from \"/Users/macos/Documents/Web MindX/TC/dataconnect\": could not find dataconnect.yaml in `/Users/macos/Documents/Web MindX/TC/dataconnect`\n"}}
[debug] [2026-08-07T10:47:01.959Z] E0807 05:47:01.959059    4360 watch.go:40] Failed to load config from "/Users/macos/Documents/Web MindX/TC/dataconnect": could not find dataconnect.yaml in `/Users/macos/Documents/Web MindX/TC/dataconnect`
 {"metadata":{"emulator":{"name":"dataconnect"},"message":"E0807 05:47:01.959059    4360 watch.go:40] Failed to load config from \"/Users/macos/Documents/Web MindX/TC/dataconnect\": could not find dataconnect.yaml in `/Users/macos/Documents/Web MindX/TC/dataconnect`\n"}}
[debug] [2026-08-07T10:47:11.958Z] E0807 05:47:11.958275    4360 watch.go:40] Failed to load config from "/Users/macos/Documents/Web MindX/TC/dataconnect": could not find dataconnect.yaml in `/Users/macos/Documents/Web MindX/TC/dataconnect`
 {"metadata":{"emulator":{"name":"dataconnect"},"message":"E0807 05:47:11.958275    4360 watch.go:40] Failed to load config from \"/Users/macos/Documents/Web MindX/TC/dataconnect\": could not find dataconnect.yaml in `/Users/macos/Documents/Web MindX/TC/dataconnect`\n"}}
[debug] [2026-08-07T10:47:21.959Z] E0807 05:47:21.958471    4360 watch.go:40] Failed to load config from "/Users/macos/Documents/Web MindX/TC/dataconnect": could not find dataconnect.yaml in `/Users/macos/Documents/Web MindX/TC/dataconnect`
 {"metadata":{"emulator":{"name":"dataconnect"},"message":"E0807 05:47:21.958471    4360 watch.go:40] Failed to load config from \"/Users/macos/Documents/Web MindX/TC/dataconnect\": could not find dataconnect.yaml in `/Users/macos/Documents/Web MindX/TC/dataconnect`\n"}}
[debug] [2026-08-07T10:47:31.958Z] E0807 05:47:31.957588    4360 watch.go:116] watchAllDir unable to walk dir `/Users/macos/Documents/Web MindX/TC/dataconnect`: lstat /Users/macos/Documents/Web MindX/TC/dataconnect: no such file or directory
E0807 05:47:31.957667    4360 watch.go:40] Failed to load config from "/Users/macos/Documents/Web MindX/TC/dataconnect": could not find dataconnect.yaml in `/Users/macos/Documents/Web MindX/TC/dataconnect`
 {"metadata":{"emulator":{"name":"dataconnect"},"message":"E0807 05:47:31.957588    4360 watch.go:116] watchAllDir unable to walk dir `/Users/macos/Documents/Web MindX/TC/dataconnect`: lstat /Users/macos/Documents/Web MindX/TC/dataconnect: no such file or directory\nE0807 05:47:31.957667    4360 watch.go:40] Failed to load config from \"/Users/macos/Documents/Web MindX/TC/dataconnect\": could not find dataconnect.yaml in `/Users/macos/Documents/Web MindX/TC/dataconnect`\n"}}
[debug] [2026-08-07T10:47:41.962Z] E0807 05:47:41.960759    4360 watch.go:40] Failed to load config from "/Users/macos/Documents/Web MindX/TC/dataconnect": could not find dataconnect.yaml in `/Users/macos/Documents/Web MindX/TC/dataconnect`
 {"metadata":{"emulator":{"name":"dataconnect"},"message":"E0807 05:47:41.960759    4360 watch.go:40] Failed to load config from \"/Users/macos/Documents/Web MindX/TC/dataconnect\": could not find dataconnect.yaml in `/Users/macos/Documents/Web MindX/TC/dataconnect`\n"}}
[debug] [2026-08-07T10:47:51.958Z] E0807 05:47:51.957289    4360 watch.go:40] Failed to load config from "/Users/macos/Documents/Web MindX/TC/dataconnect": could not find dataconnect.yaml in `/Users/macos/Documents/Web MindX/TC/dataconnect`
 {"metadata":{"emulator":{"name":"dataconnect"},"message":"E0807 05:47:51.957289    4360 watch.go:40] Failed to load config from \"/Users/macos/Documents/Web MindX/TC/dataconnect\": could not find dataconnect.yaml in `/Users/macos/Documents/Web MindX/TC/dataconnect`\n"}}
[debug] [2026-08-07T10:48:01.961Z] E0807 05:48:01.959699    4360 watch.go:40] Failed to load config from "/Users/macos/Documents/Web MindX/TC/dataconnect": could not find dataconnect.yaml in `/Users/macos/Documents/Web MindX/TC/dataconnect`
 {"metadata":{"emulator":{"name":"dataconnect"},"message":"E0807 05:48:01.959699    4360 watch.go:40] Failed to load config from \"/Users/macos/Documents/Web MindX/TC/dataconnect\": could not find dataconnect.yaml in `/Users/macos/Documents/Web MindX/TC/dataconnect`\n"}}
[debug] [2026-08-07T10:48:11.956Z] E0807 05:48:11.955666    4360 watch.go:40] Failed to load config from "/Users/macos/Documents/Web MindX/TC/dataconnect": could not find dataconnect.yaml in `/Users/macos/Documents/Web MindX/TC/dataconnect`
 {"metadata":{"emulator":{"name":"dataconnect"},"message":"E0807 05:48:11.955666    4360 watch.go:40] Failed to load config from \"/Users/macos/Documents/Web MindX/TC/dataconnect\": could not find dataconnect.yaml in `/Users/macos/Documents/Web MindX/TC/dataconnect`\n"}}
[debug] [2026-08-07T10:48:21.956Z] E0807 05:48:21.955450    4360 watch.go:40] Failed to load config from "/Users/macos/Documents/Web MindX/TC/dataconnect": could not find dataconnect.yaml in `/Users/macos/Documents/Web MindX/TC/dataconnect`
 {"metadata":{"emulator":{"name":"dataconnect"},"message":"E0807 05:48:21.955450    4360 watch.go:40] Failed to load config from \"/Users/macos/Documents/Web MindX/TC/dataconnect\": could not find dataconnect.yaml in `/Users/macos/Documents/Web MindX/TC/dataconnect`\n"}}
[debug] [2026-08-07T10:48:31.955Z] E0807 05:48:31.955506    4360 watch.go:40] Failed to load config from "/Users/macos/Documents/Web MindX/TC/dataconnect": could not find dataconnect.yaml in `/Users/macos/Documents/Web MindX/TC/dataconnect`
 {"metadata":{"emulator":{"name":"dataconnect"},"message":"E0807 05:48:31.955506    4360 watch.go:40] Failed to load config from \"/Users/macos/Documents/Web MindX/TC/dataconnect\": could not find dataconnect.yaml in `/Users/macos/Documents/Web MindX/TC/dataconnect`\n"}}
[debug] [2026-08-07T10:48:31.957Z] E0807 05:48:31.955376    4360 watch.go:116] watchAllDir unable to walk dir `/Users/macos/Documents/Web MindX/TC/dataconnect`: lstat /Users/macos/Documents/Web MindX/TC/dataconnect: no such file or directory
 {"metadata":{"emulator":{"name":"dataconnect"},"message":"E0807 05:48:31.955376    4360 watch.go:116] watchAllDir unable to walk dir `/Users/macos/Documents/Web MindX/TC/dataconnect`: lstat /Users/macos/Documents/Web MindX/TC/dataconnect: no such file or directory\n"}}
[debug] [2026-08-07T10:48:41.956Z] E0807 05:48:41.956135    4360 watch.go:40] Failed to load config from "/Users/macos/Documents/Web MindX/TC/dataconnect": could not find dataconnect.yaml in `/Users/macos/Documents/Web MindX/TC/dataconnect`
 {"metadata":{"emulator":{"name":"dataconnect"},"message":"E0807 05:48:41.956135    4360 watch.go:40] Failed to load config from \"/Users/macos/Documents/Web MindX/TC/dataconnect\": could not find dataconnect.yaml in `/Users/macos/Documents/Web MindX/TC/dataconnect`\n"}}
[debug] [2026-08-07T10:48:51.954Z] E0807 05:48:51.954626    4360 watch.go:40] Failed to load config from "/Users/macos/Documents/Web MindX/TC/dataconnect": could not find dataconnect.yaml in `/Users/macos/Documents/Web MindX/TC/dataconnect`
 {"metadata":{"emulator":{"name":"dataconnect"},"message":"E0807 05:48:51.954626    4360 watch.go:40] Failed to load config from \"/Users/macos/Documents/Web MindX/TC/dataconnect\": could not find dataconnect.yaml in `/Users/macos/Documents/Web MindX/TC/dataconnect`\n"}}
[debug] [2026-08-07T10:49:01.955Z] E0807 05:49:01.954761    4360 watch.go:40] Failed to load config from "/Users/macos/Documents/Web MindX/TC/dataconnect": could not find dataconnect.yaml in `/Users/macos/Documents/Web MindX/TC/dataconnect`
 {"metadata":{"emulator":{"name":"dataconnect"},"message":"E0807 05:49:01.954761    4360 watch.go:40] Failed to load config from \"/Users/macos/Documents/Web MindX/TC/dataconnect\": could not find dataconnect.yaml in `/Users/macos/Documents/Web MindX/TC/dataconnect`\n"}}
[debug] [2026-08-07T10:49:11.955Z] E0807 05:49:11.954306    4360 watch.go:40] Failed to load config from "/Users/macos/Documents/Web MindX/TC/dataconnect": could not find dataconnect.yaml in `/Users/macos/Documents/Web MindX/TC/dataconnect`
 {"metadata":{"emulator":{"name":"dataconnect"},"message":"E0807 05:49:11.954306    4360 watch.go:40] Failed to load config from \"/Users/macos/Documents/Web MindX/TC/dataconnect\": could not find dataconnect.yaml in `/Users/macos/Documents/Web MindX/TC/dataconnect`\n"}}
[debug] [2026-08-07T10:49:21.953Z] E0807 05:49:21.953085    4360 watch.go:40] Failed to load config from "/Users/macos/Documents/Web MindX/TC/dataconnect": could not find dataconnect.yaml in `/Users/macos/Documents/Web MindX/TC/dataconnect`
 {"metadata":{"emulator":{"name":"dataconnect"},"message":"E0807 05:49:21.953085    4360 watch.go:40] Failed to load config from \"/Users/macos/Documents/Web MindX/TC/dataconnect\": could not find dataconnect.yaml in `/Users/macos/Documents/Web MindX/TC/dataconnect`\n"}}
[debug] [2026-08-07T10:49:31.954Z] E0807 05:49:31.954259    4360 watch.go:40] Failed to load config from "/Users/macos/Documents/Web MindX/TC/dataconnect": could not find dataconnect.yaml in `/Users/macos/Documents/Web MindX/TC/dataconnect`
E0807 05:49:31.954217    4360 watch.go:116] watchAllDir unable to walk dir `/Users/macos/Documents/Web MindX/TC/dataconnect`: lstat /Users/macos/Documents/Web MindX/TC/dataconnect: no such file or directory
 {"metadata":{"emulator":{"name":"dataconnect"},"message":"E0807 05:49:31.954259    4360 watch.go:40] Failed to load config from \"/Users/macos/Documents/Web MindX/TC/dataconnect\": could not find dataconnect.yaml in `/Users/macos/Documents/Web MindX/TC/dataconnect`\nE0807 05:49:31.954217    4360 watch.go:116] watchAllDir unable to walk dir `/Users/macos/Documents/Web MindX/TC/dataconnect`: lstat /Users/macos/Documents/Web MindX/TC/dataconnect: no such file or directory\n"}}
[debug] [2026-08-07T10:49:41.952Z] E0807 05:49:41.952825    4360 watch.go:40] Failed to load config from "/Users/macos/Documents/Web MindX/TC/dataconnect": could not find dataconnect.yaml in `/Users/macos/Documents/Web MindX/TC/dataconnect`
 {"metadata":{"emulator":{"name":"dataconnect"},"message":"E0807 05:49:41.952825    4360 watch.go:40] Failed to load config from \"/Users/macos/Documents/Web MindX/TC/dataconnect\": could not find dataconnect.yaml in `/Users/macos/Documents/Web MindX/TC/dataconnect`\n"}}
[debug] [2026-08-07T10:49:51.953Z] E0807 05:49:51.953665    4360 watch.go:40] Failed to load config from "/Users/macos/Documents/Web MindX/TC/dataconnect": could not find dataconnect.yaml in `/Users/macos/Documents/Web MindX/TC/dataconnect`
 {"metadata":{"emulator":{"name":"dataconnect"},"message":"E0807 05:49:51.953665    4360 watch.go:40] Failed to load config from \"/Users/macos/Documents/Web MindX/TC/dataconnect\": could not find dataconnect.yaml in `/Users/macos/Documents/Web MindX/TC/dataconnect`\n"}}
[debug] [2026-08-07T10:50:01.952Z] E0807 05:50:01.952267    4360 watch.go:40] Failed to load config from "/Users/macos/Documents/Web MindX/TC/dataconnect": could not find dataconnect.yaml in `/Users/macos/Documents/Web MindX/TC/dataconnect`
 {"metadata":{"emulator":{"name":"dataconnect"},"message":"E0807 05:50:01.952267    4360 watch.go:40] Failed to load config from \"/Users/macos/Documents/Web MindX/TC/dataconnect\": could not find dataconnect.yaml in `/Users/macos/Documents/Web MindX/TC/dataconnect`\n"}}
[debug] [2026-08-07T10:50:11.951Z] E0807 05:50:11.951689    4360 watch.go:40] Failed to load config from "/Users/macos/Documents/Web MindX/TC/dataconnect": could not find dataconnect.yaml in `/Users/macos/Documents/Web MindX/TC/dataconnect`
 {"metadata":{"emulator":{"name":"dataconnect"},"message":"E0807 05:50:11.951689    4360 watch.go:40] Failed to load config from \"/Users/macos/Documents/Web MindX/TC/dataconnect\": could not find dataconnect.yaml in `/Users/macos/Documents/Web MindX/TC/dataconnect`\n"}}
[debug] [2026-08-07T10:50:21.951Z] E0807 05:50:21.951496    4360 watch.go:40] Failed to load config from "/Users/macos/Documents/Web MindX/TC/dataconnect": could not find dataconnect.yaml in `/Users/macos/Documents/Web MindX/TC/dataconnect`
 {"metadata":{"emulator":{"name":"dataconnect"},"message":"E0807 05:50:21.951496    4360 watch.go:40] Failed to load config from \"/Users/macos/Documents/Web MindX/TC/dataconnect\": could not find dataconnect.yaml in `/Users/macos/Documents/Web MindX/TC/dataconnect`\n"}}
[debug] [2026-08-07T10:50:31.951Z] E0807 05:50:31.951063    4360 watch.go:40] Failed to load config from "/Users/macos/Documents/Web MindX/TC/dataconnect": could not find dataconnect.yaml in `/Users/macos/Documents/Web MindX/TC/dataconnect`
 {"metadata":{"emulator":{"name":"dataconnect"},"message":"E0807 05:50:31.951063    4360 watch.go:40] Failed to load config from \"/Users/macos/Documents/Web MindX/TC/dataconnect\": could not find dataconnect.yaml in `/Users/macos/Documents/Web MindX/TC/dataconnect`\n"}}
[debug] [2026-08-07T10:50:31.952Z] E0807 05:50:31.951008    4360 watch.go:116] watchAllDir unable to walk dir `/Users/macos/Documents/Web MindX/TC/dataconnect`: lstat /Users/macos/Documents/Web MindX/TC/dataconnect: no such file or directory
 {"metadata":{"emulator":{"name":"dataconnect"},"message":"E0807 05:50:31.951008    4360 watch.go:116] watchAllDir unable to walk dir `/Users/macos/Documents/Web MindX/TC/dataconnect`: lstat /Users/macos/Documents/Web MindX/TC/dataconnect: no such file or directory\n"}}
[debug] [2026-08-07T10:50:41.951Z] E0807 05:50:41.950742    4360 watch.go:40] Failed to load config from "/Users/macos/Documents/Web MindX/TC/dataconnect": could not find dataconnect.yaml in `/Users/macos/Documents/Web MindX/TC/dataconnect`
 {"metadata":{"emulator":{"name":"dataconnect"},"message":"E0807 05:50:41.950742    4360 watch.go:40] Failed to load config from \"/Users/macos/Documents/Web MindX/TC/dataconnect\": could not find dataconnect.yaml in `/Users/macos/Documents/Web MindX/TC/dataconnect`\n"}}
[debug] [2026-08-07T10:50:51.950Z] E0807 05:50:51.950302    4360 watch.go:40] Failed to load config from "/Users/macos/Documents/Web MindX/TC/dataconnect": could not find dataconnect.yaml in `/Users/macos/Documents/Web MindX/TC/dataconnect`
 {"metadata":{"emulator":{"name":"dataconnect"},"message":"E0807 05:50:51.950302    4360 watch.go:40] Failed to load config from \"/Users/macos/Documents/Web MindX/TC/dataconnect\": could not find dataconnect.yaml in `/Users/macos/Documents/Web MindX/TC/dataconnect`\n"}}
[debug] [2026-08-07T10:51:01.950Z] E0807 05:51:01.949745    4360 watch.go:40] Failed to load config from "/Users/macos/Documents/Web MindX/TC/dataconnect": could not find dataconnect.yaml in `/Users/macos/Documents/Web MindX/TC/dataconnect`
 {"metadata":{"emulator":{"name":"dataconnect"},"message":"E0807 05:51:01.949745    4360 watch.go:40] Failed to load config from \"/Users/macos/Documents/Web MindX/TC/dataconnect\": could not find dataconnect.yaml in `/Users/macos/Documents/Web MindX/TC/dataconnect`\n"}}
[debug] [2026-08-07T10:51:11.949Z] E0807 05:51:11.949533    4360 watch.go:40] Failed to load config from "/Users/macos/Documents/Web MindX/TC/dataconnect": could not find dataconnect.yaml in `/Users/macos/Documents/Web MindX/TC/dataconnect`
 {"metadata":{"emulator":{"name":"dataconnect"},"message":"E0807 05:51:11.949533    4360 watch.go:40] Failed to load config from \"/Users/macos/Documents/Web MindX/TC/dataconnect\": could not find dataconnect.yaml in `/Users/macos/Documents/Web MindX/TC/dataconnect`\n"}}
[debug] [2026-08-07T10:51:21.950Z] E0807 05:51:21.949400    4360 watch.go:40] Failed to load config from "/Users/macos/Documents/Web MindX/TC/dataconnect": could not find dataconnect.yaml in `/Users/macos/Documents/Web MindX/TC/dataconnect`
 {"metadata":{"emulator":{"name":"dataconnect"},"message":"E0807 05:51:21.949400    4360 watch.go:40] Failed to load config from \"/Users/macos/Documents/Web MindX/TC/dataconnect\": could not find dataconnect.yaml in `/Users/macos/Documents/Web MindX/TC/dataconnect`\n"}}
[debug] [2026-08-07T10:51:31.949Z] E0807 05:51:31.948796    4360 watch.go:116] watchAllDir unable to walk dir `/Users/macos/Documents/Web MindX/TC/dataconnect`: lstat /Users/macos/Documents/Web MindX/TC/dataconnect: no such file or directory
E0807 05:51:31.948889    4360 watch.go:40] Failed to load config from "/Users/macos/Documents/Web MindX/TC/dataconnect": could not find dataconnect.yaml in `/Users/macos/Documents/Web MindX/TC/dataconnect`
 {"metadata":{"emulator":{"name":"dataconnect"},"message":"E0807 05:51:31.948796    4360 watch.go:116] watchAllDir unable to walk dir `/Users/macos/Documents/Web MindX/TC/dataconnect`: lstat /Users/macos/Documents/Web MindX/TC/dataconnect: no such file or directory\nE0807 05:51:31.948889    4360 watch.go:40] Failed to load config from \"/Users/macos/Documents/Web MindX/TC/dataconnect\": could not find dataconnect.yaml in `/Users/macos/Documents/Web MindX/TC/dataconnect`\n"}}
[debug] [2026-08-07T10:51:41.951Z] E0807 05:51:41.950910    4360 watch.go:40] Failed to load config from "/Users/macos/Documents/Web MindX/TC/dataconnect": could not find dataconnect.yaml in `/Users/macos/Documents/Web MindX/TC/dataconnect`
 {"metadata":{"emulator":{"name":"dataconnect"},"message":"E0807 05:51:41.950910    4360 watch.go:40] Failed to load config from \"/Users/macos/Documents/Web MindX/TC/dataconnect\": could not find dataconnect.yaml in `/Users/macos/Documents/Web MindX/TC/dataconnect`\n"}}
[debug] [2026-08-07T10:51:51.948Z] E0807 05:51:51.948175    4360 watch.go:40] Failed to load config from "/Users/macos/Documents/Web MindX/TC/dataconnect": could not find dataconnect.yaml in `/Users/macos/Documents/Web MindX/TC/dataconnect`
 {"metadata":{"emulator":{"name":"dataconnect"},"message":"E0807 05:51:51.948175    4360 watch.go:40] Failed to load config from \"/Users/macos/Documents/Web MindX/TC/dataconnect\": could not find dataconnect.yaml in `/Users/macos/Documents/Web MindX/TC/dataconnect`\n"}}
[debug] [2026-08-07T10:52:01.947Z] E0807 05:52:01.947164    4360 watch.go:40] Failed to load config from "/Users/macos/Documents/Web MindX/TC/dataconnect": could not find dataconnect.yaml in `/Users/macos/Documents/Web MindX/TC/dataconnect`
 {"metadata":{"emulator":{"name":"dataconnect"},"message":"E0807 05:52:01.947164    4360 watch.go:40] Failed to load config from \"/Users/macos/Documents/Web MindX/TC/dataconnect\": could not find dataconnect.yaml in `/Users/macos/Documents/Web MindX/TC/dataconnect`\n"}}
[debug] [2026-08-07T10:52:11.947Z] E0807 05:52:11.947542    4360 watch.go:40] Failed to load config from "/Users/macos/Documents/Web MindX/TC/dataconnect": could not find dataconnect.yaml in `/Users/macos/Documents/Web MindX/TC/dataconnect`
 {"metadata":{"emulator":{"name":"dataconnect"},"message":"E0807 05:52:11.947542    4360 watch.go:40] Failed to load config from \"/Users/macos/Documents/Web MindX/TC/dataconnect\": could not find dataconnect.yaml in `/Users/macos/Documents/Web MindX/TC/dataconnect`\n"}}
[debug] [2026-08-07T10:52:21.948Z] E0807 05:52:21.947714    4360 watch.go:40] Failed to load config from "/Users/macos/Documents/Web MindX/TC/dataconnect": could not find dataconnect.yaml in `/Users/macos/Documents/Web MindX/TC/dataconnect`
 {"metadata":{"emulator":{"name":"dataconnect"},"message":"E0807 05:52:21.947714    4360 watch.go:40] Failed to load config from \"/Users/macos/Documents/Web MindX/TC/dataconnect\": could not find dataconnect.yaml in `/Users/macos/Documents/Web MindX/TC/dataconnect`\n"}}
[debug] [2026-08-07T10:52:31.947Z] E0807 05:52:31.947103    4360 watch.go:40] Failed to load config from "/Users/macos/Documents/Web MindX/TC/dataconnect": could not find dataconnect.yaml in `/Users/macos/Documents/Web MindX/TC/dataconnect`
 {"metadata":{"emulator":{"name":"dataconnect"},"message":"E0807 05:52:31.947103    4360 watch.go:40] Failed to load config from \"/Users/macos/Documents/Web MindX/TC/dataconnect\": could not find dataconnect.yaml in `/Users/macos/Documents/Web MindX/TC/dataconnect`\n"}}
[debug] [2026-08-07T10:52:31.948Z] E0807 05:52:31.946935    4360 watch.go:116] watchAllDir unable to walk dir `/Users/macos/Documents/Web MindX/TC/dataconnect`: lstat /Users/macos/Documents/Web MindX/TC/dataconnect: no such file or directory
 {"metadata":{"emulator":{"name":"dataconnect"},"message":"E0807 05:52:31.946935    4360 watch.go:116] watchAllDir unable to walk dir `/Users/macos/Documents/Web MindX/TC/dataconnect`: lstat /Users/macos/Documents/Web MindX/TC/dataconnect: no such file or directory\n"}}
[debug] [2026-08-07T10:52:41.946Z] E0807 05:52:41.946519    4360 watch.go:40] Failed to load config from "/Users/macos/Documents/Web MindX/TC/dataconnect": could not find dataconnect.yaml in `/Users/macos/Documents/Web MindX/TC/dataconnect`
 {"metadata":{"emulator":{"name":"dataconnect"},"message":"E0807 05:52:41.946519    4360 watch.go:40] Failed to load config from \"/Users/macos/Documents/Web MindX/TC/dataconnect\": could not find dataconnect.yaml in `/Users/macos/Documents/Web MindX/TC/dataconnect`\n"}}
[debug] [2026-08-07T10:52:51.945Z] E0807 05:52:51.945389    4360 watch.go:40] Failed to load config from "/Users/macos/Documents/Web MindX/TC/dataconnect": could not find dataconnect.yaml in `/Users/macos/Documents/Web MindX/TC/dataconnect`
 {"metadata":{"emulator":{"name":"dataconnect"},"message":"E0807 05:52:51.945389    4360 watch.go:40] Failed to load config from \"/Users/macos/Documents/Web MindX/TC/dataconnect\": could not find dataconnect.yaml in `/Users/macos/Documents/Web MindX/TC/dataconnect`\n"}}
[debug] [2026-08-07T10:53:01.945Z] E0807 05:53:01.945490    4360 watch.go:40] Failed to load config from "/Users/macos/Documents/Web MindX/TC/dataconnect": could not find dataconnect.yaml in `/Users/macos/Documents/Web MindX/TC/dataconnect`
 {"metadata":{"emulator":{"name":"dataconnect"},"message":"E0807 05:53:01.945490    4360 watch.go:40] Failed to load config from \"/Users/macos/Documents/Web MindX/TC/dataconnect\": could not find dataconnect.yaml in `/Users/macos/Documents/Web MindX/TC/dataconnect`\n"}}
[debug] [2026-08-07T10:53:11.948Z] E0807 05:53:11.946708    4360 watch.go:40] Failed to load config from "/Users/macos/Documents/Web MindX/TC/dataconnect": could not find dataconnect.yaml in `/Users/macos/Documents/Web MindX/TC/dataconnect`
 {"metadata":{"emulator":{"name":"dataconnect"},"message":"E0807 05:53:11.946708    4360 watch.go:40] Failed to load config from \"/Users/macos/Documents/Web MindX/TC/dataconnect\": could not find dataconnect.yaml in `/Users/macos/Documents/Web MindX/TC/dataconnect`\n"}}
[debug] [2026-08-07T10:53:21.945Z] E0807 05:53:21.944831    4360 watch.go:40] Failed to load config from "/Users/macos/Documents/Web MindX/TC/dataconnect": could not find dataconnect.yaml in `/Users/macos/Documents/Web MindX/TC/dataconnect`
 {"metadata":{"emulator":{"name":"dataconnect"},"message":"E0807 05:53:21.944831    4360 watch.go:40] Failed to load config from \"/Users/macos/Documents/Web MindX/TC/dataconnect\": could not find dataconnect.yaml in `/Users/macos/Documents/Web MindX/TC/dataconnect`\n"}}
[debug] [2026-08-07T10:53:31.945Z] E0807 05:53:31.944779    4360 watch.go:116] watchAllDir unable to walk dir `/Users/macos/Documents/Web MindX/TC/dataconnect`: lstat /Users/macos/Documents/Web MindX/TC/dataconnect: no such file or directory
E0807 05:53:31.944916    4360 watch.go:40] Failed to load config from "/Users/macos/Documents/Web MindX/TC/dataconnect": could not find dataconnect.yaml in `/Users/macos/Documents/Web MindX/TC/dataconnect`
 {"metadata":{"emulator":{"name":"dataconnect"},"message":"E0807 05:53:31.944779    4360 watch.go:116] watchAllDir unable to walk dir `/Users/macos/Documents/Web MindX/TC/dataconnect`: lstat /Users/macos/Documents/Web MindX/TC/dataconnect: no such file or directory\nE0807 05:53:31.944916    4360 watch.go:40] Failed to load config from \"/Users/macos/Documents/Web MindX/TC/dataconnect\": could not find dataconnect.yaml in `/Users/macos/Documents/Web MindX/TC/dataconnect`\n"}}
[debug] [2026-08-07T10:53:41.944Z] E0807 05:53:41.943925    4360 watch.go:40] Failed to load config from "/Users/macos/Documents/Web MindX/TC/dataconnect": could not find dataconnect.yaml in `/Users/macos/Documents/Web MindX/TC/dataconnect`
 {"metadata":{"emulator":{"name":"dataconnect"},"message":"E0807 05:53:41.943925    4360 watch.go:40] Failed to load config from \"/Users/macos/Documents/Web MindX/TC/dataconnect\": could not find dataconnect.yaml in `/Users/macos/Documents/Web MindX/TC/dataconnect`\n"}}
[debug] [2026-08-07T10:53:51.943Z] E0807 05:53:51.943247    4360 watch.go:40] Failed to load config from "/Users/macos/Documents/Web MindX/TC/dataconnect": could not find dataconnect.yaml in `/Users/macos/Documents/Web MindX/TC/dataconnect`
 {"metadata":{"emulator":{"name":"dataconnect"},"message":"E0807 05:53:51.943247    4360 watch.go:40] Failed to load config from \"/Users/macos/Documents/Web MindX/TC/dataconnect\": could not find dataconnect.yaml in `/Users/macos/Documents/Web MindX/TC/dataconnect`\n"}}
[debug] [2026-08-07T10:54:01.949Z] E0807 05:54:01.944990    4360 watch.go:40] Failed to load config from "/Users/macos/Documents/Web MindX/TC/dataconnect": could not find dataconnect.yaml in `/Users/macos/Documents/Web MindX/TC/dataconnect`
 {"metadata":{"emulator":{"name":"dataconnect"},"message":"E0807 05:54:01.944990    4360 watch.go:40] Failed to load config from \"/Users/macos/Documents/Web MindX/TC/dataconnect\": could not find dataconnect.yaml in `/Users/macos/Documents/Web MindX/TC/dataconnect`\n"}}
[debug] [2026-08-07T10:54:11.943Z] E0807 05:54:11.942975    4360 watch.go:40] Failed to load config from "/Users/macos/Documents/Web MindX/TC/dataconnect": could not find dataconnect.yaml in `/Users/macos/Documents/Web MindX/TC/dataconnect`
 {"metadata":{"emulator":{"name":"dataconnect"},"message":"E0807 05:54:11.942975    4360 watch.go:40] Failed to load config from \"/Users/macos/Documents/Web MindX/TC/dataconnect\": could not find dataconnect.yaml in `/Users/macos/Documents/Web MindX/TC/dataconnect`\n"}}
[debug] [2026-08-07T10:54:21.943Z] E0807 05:54:21.942835    4360 watch.go:40] Failed to load config from "/Users/macos/Documents/Web MindX/TC/dataconnect": could not find dataconnect.yaml in `/Users/macos/Documents/Web MindX/TC/dataconnect`
 {"metadata":{"emulator":{"name":"dataconnect"},"message":"E0807 05:54:21.942835    4360 watch.go:40] Failed to load config from \"/Users/macos/Documents/Web MindX/TC/dataconnect\": could not find dataconnect.yaml in `/Users/macos/Documents/Web MindX/TC/dataconnect`\n"}}
[debug] [2026-08-07T10:54:31.942Z] E0807 05:54:31.942313    4360 watch.go:40] Failed to load config from "/Users/macos/Documents/Web MindX/TC/dataconnect": could not find dataconnect.yaml in `/Users/macos/Documents/Web MindX/TC/dataconnect`
 {"metadata":{"emulator":{"name":"dataconnect"},"message":"E0807 05:54:31.942313    4360 watch.go:40] Failed to load config from \"/Users/macos/Documents/Web MindX/TC/dataconnect\": could not find dataconnect.yaml in `/Users/macos/Documents/Web MindX/TC/dataconnect`\n"}}
[debug] [2026-08-07T10:54:31.943Z] E0807 05:54:31.942378    4360 watch.go:116] watchAllDir unable to walk dir `/Users/macos/Documents/Web MindX/TC/dataconnect`: lstat /Users/macos/Documents/Web MindX/TC/dataconnect: no such file or directory
 {"metadata":{"emulator":{"name":"dataconnect"},"message":"E0807 05:54:31.942378    4360 watch.go:116] watchAllDir unable to walk dir `/Users/macos/Documents/Web MindX/TC/dataconnect`: lstat /Users/macos/Documents/Web MindX/TC/dataconnect: no such file or directory\n"}}
[debug] [2026-08-07T10:54:41.942Z] E0807 05:54:41.942111    4360 watch.go:40] Failed to load config from "/Users/macos/Documents/Web MindX/TC/dataconnect": could not find dataconnect.yaml in `/Users/macos/Documents/Web MindX/TC/dataconnect`
 {"metadata":{"emulator":{"name":"dataconnect"},"message":"E0807 05:54:41.942111    4360 watch.go:40] Failed to load config from \"/Users/macos/Documents/Web MindX/TC/dataconnect\": could not find dataconnect.yaml in `/Users/macos/Documents/Web MindX/TC/dataconnect`\n"}}
[debug] [2026-08-07T10:54:51.941Z] E0807 05:54:51.941591    4360 watch.go:40] Failed to load config from "/Users/macos/Documents/Web MindX/TC/dataconnect": could not find dataconnect.yaml in `/Users/macos/Documents/Web MindX/TC/dataconnect`
 {"metadata":{"emulator":{"name":"dataconnect"},"message":"E0807 05:54:51.941591    4360 watch.go:40] Failed to load config from \"/Users/macos/Documents/Web MindX/TC/dataconnect\": could not find dataconnect.yaml in `/Users/macos/Documents/Web MindX/TC/dataconnect`\n"}}
[debug] [2026-08-07T10:55:01.941Z] E0807 05:55:01.941294    4360 watch.go:40] Failed to load config from "/Users/macos/Documents/Web MindX/TC/dataconnect": could not find dataconnect.yaml in `/Users/macos/Documents/Web MindX/TC/dataconnect`
 {"metadata":{"emulator":{"name":"dataconnect"},"message":"E0807 05:55:01.941294    4360 watch.go:40] Failed to load config from \"/Users/macos/Documents/Web MindX/TC/dataconnect\": could not find dataconnect.yaml in `/Users/macos/Documents/Web MindX/TC/dataconnect`\n"}}
[debug] [2026-08-07T10:55:11.940Z] E0807 05:55:11.940053    4360 watch.go:40] Failed to load config from "/Users/macos/Documents/Web MindX/TC/dataconnect": could not find dataconnect.yaml in `/Users/macos/Documents/Web MindX/TC/dataconnect`
 {"metadata":{"emulator":{"name":"dataconnect"},"message":"E0807 05:55:11.940053    4360 watch.go:40] Failed to load config from \"/Users/macos/Documents/Web MindX/TC/dataconnect\": could not find dataconnect.yaml in `/Users/macos/Documents/Web MindX/TC/dataconnect`\n"}}
[debug] [2026-08-07T10:55:21.940Z] E0807 05:55:21.940354    4360 watch.go:40] Failed to load config from "/Users/macos/Documents/Web MindX/TC/dataconnect": could not find dataconnect.yaml in `/Users/macos/Documents/Web MindX/TC/dataconnect`
 {"metadata":{"emulator":{"name":"dataconnect"},"message":"E0807 05:55:21.940354    4360 watch.go:40] Failed to load config from \"/Users/macos/Documents/Web MindX/TC/dataconnect\": could not find dataconnect.yaml in `/Users/macos/Documents/Web MindX/TC/dataconnect`\n"}}
[debug] [2026-08-07T10:55:31.943Z] E0807 05:55:31.940667    4360 watch.go:40] Failed to load config from "/Users/macos/Documents/Web MindX/TC/dataconnect": could not find dataconnect.yaml in `/Users/macos/Documents/Web MindX/TC/dataconnect`
E0807 05:55:31.940652    4360 watch.go:116] watchAllDir unable to walk dir `/Users/macos/Documents/Web MindX/TC/dataconnect`: lstat /Users/macos/Documents/Web MindX/TC/dataconnect: no such file or directory
 {"metadata":{"emulator":{"name":"dataconnect"},"message":"E0807 05:55:31.940667    4360 watch.go:40] Failed to load config from \"/Users/macos/Documents/Web MindX/TC/dataconnect\": could not find dataconnect.yaml in `/Users/macos/Documents/Web MindX/TC/dataconnect`\nE0807 05:55:31.940652    4360 watch.go:116] watchAllDir unable to walk dir `/Users/macos/Documents/Web MindX/TC/dataconnect`: lstat /Users/macos/Documents/Web MindX/TC/dataconnect: no such file or directory\n"}}
[debug] [2026-08-07T10:55:41.941Z] E0807 05:55:41.940121    4360 watch.go:40] Failed to load config from "/Users/macos/Documents/Web MindX/TC/dataconnect": could not find dataconnect.yaml in `/Users/macos/Documents/Web MindX/TC/dataconnect`
 {"metadata":{"emulator":{"name":"dataconnect"},"message":"E0807 05:55:41.940121    4360 watch.go:40] Failed to load config from \"/Users/macos/Documents/Web MindX/TC/dataconnect\": could not find dataconnect.yaml in `/Users/macos/Documents/Web MindX/TC/dataconnect`\n"}}
[debug] [2026-08-07T10:55:51.940Z] E0807 05:55:51.939591    4360 watch.go:40] Failed to load config from "/Users/macos/Documents/Web MindX/TC/dataconnect": could not find dataconnect.yaml in `/Users/macos/Documents/Web MindX/TC/dataconnect`
 {"metadata":{"emulator":{"name":"dataconnect"},"message":"E0807 05:55:51.939591    4360 watch.go:40] Failed to load config from \"/Users/macos/Documents/Web MindX/TC/dataconnect\": could not find dataconnect.yaml in `/Users/macos/Documents/Web MindX/TC/dataconnect`\n"}}
[debug] [2026-08-07T10:56:01.939Z] E0807 05:56:01.939152    4360 watch.go:40] Failed to load config from "/Users/macos/Documents/Web MindX/TC/dataconnect": could not find dataconnect.yaml in `/Users/macos/Documents/Web MindX/TC/dataconnect`
 {"metadata":{"emulator":{"name":"dataconnect"},"message":"E0807 05:56:01.939152    4360 watch.go:40] Failed to load config from \"/Users/macos/Documents/Web MindX/TC/dataconnect\": could not find dataconnect.yaml in `/Users/macos/Documents/Web MindX/TC/dataconnect`\n"}}
